***A***
LOCAL COMMITS:
 Commit 1:
  Offered htlcs: (0,MilliSatoshi(1000000)) (1,MilliSatoshi(2000000))
  Received htlcs:
  Balance us: MilliSatoshi(997000000)
  Balance them: MilliSatoshi(1000000000)
  Fee rate: 10000
REMOTE COMMITS:
 Commit 1:
  Offered htlcs:
  Received htlcs: (0,MilliSatoshi(1000000)) (1,MilliSatoshi(2000000))
  Balance us: MilliSatoshi(1000000000)
  Balance them: MilliSatoshi(997000000)
  Fee rate: 10000
***B***
LOCAL COMMITS:
 Commit 1:
  Offered htlcs:
  Received htlcs: (0,MilliSatoshi(1000000)) (1,MilliSatoshi(2000000))
  Balance us: MilliSatoshi(1000000000)
  Balance them: MilliSatoshi(997000000)
  Fee rate: 10000
REMOTE COMMITS:
 Commit 1:
  Offered htlcs: (0,MilliSatoshi(1000000)) (1,MilliSatoshi(2000000))
  Received htlcs:
  Balance us: MilliSatoshi(997000000)
  Balance them: MilliSatoshi(1000000000)
  Fee rate: 10000
