***A***
LOCAL COMMITS:
 Commit 2:
  Offered htlcs:
  Received htlcs:
  Balance us: 999000000
  Balance them: 1001000000
  Fee rate: 10000
REMOTE COMMITS:
 Commit 2:
  Offered htlcs:
  Received htlcs:
  Balance us: 1001000000
  Balance them: 999000000
  Fee rate: 10000
***B***
LOCAL COMMITS:
 Commit 2:
  Offered htlcs:
  Received htlcs:
  Balance us: 1001000000
  Balance them: 999000000
  Fee rate: 10000
REMOTE COMMITS:
 Commit 2:
  Offered htlcs:
  Received htlcs:
  Balance us: 999000000
  Balance them: 1001000000
  Fee rate: 10000
