***A***
LOCAL COMMITS:
 Commit 1:
  Offered htlcs: (0,1000000) (1,2000000)
  Received htlcs:
  Balance us: 997000000 msat
  Balance them: 1000000000 msat
  Fee rate: 10000
REMOTE COMMITS:
 Commit 2:
  Offered htlcs:
  Received htlcs: (0,1000000) (1,2000000)
  Balance us: 1000000000 msat
  Balance them: 997000000 msat
  Fee rate: 10000
***B***
LOCAL COMMITS:
 Commit 2:
  Offered htlcs:
  Received htlcs: (0,1000000) (1,2000000)
  Balance us: 1000000000 msat
  Balance them: 997000000 msat
  Fee rate: 10000
REMOTE COMMITS:
 Commit 1:
  Offered htlcs: (0,1000000) (1,2000000)
  Received htlcs:
  Balance us: 997000000 msat
  Balance them: 1000000000 msat
  Fee rate: 10000
