***A***
LOCAL COMMITS:
 Commit 1:
  Offered htlcs: (0,1000000)
  Received htlcs:
  Balance us: 999000000
  Balance them: 1000000000
  Fee rate: 10000
REMOTE COMMITS:
 Commit 1:
  Offered htlcs:
  Received htlcs: (0,1000000)
  Balance us: 1000000000
  Balance them: 999000000
  Fee rate: 10000
***B***
LOCAL COMMITS:
 Commit 1:
  Offered htlcs:
  Received htlcs: (0,1000000)
  Balance us: 1000000000
  Balance them: 999000000
  Fee rate: 10000
REMOTE COMMITS:
 Commit 1:
  Offered htlcs: (0,1000000)
  Received htlcs:
  Balance us: 999000000
  Balance them: 1000000000
  Fee rate: 10000
